main.c:876:13:SPI5_Write	16	static
main.c:988:6:StartDefaultTask	8	static
main.c:242:6:SystemClock_Config	96	static
main.c:153:5:main	120	static
main.c:720:6:IOE_Init	0	static
main.c:729:6:IOE_ITConfig	0	static
main.c:741:6:IOE_Write	32	static
main.c:752:9:IOE_Read	32	static
main.c:765:10:IOE_ReadMultiple	24	static
main.c:774:6:IOE_Delay	0	static
main.c:902:6:LCD_IO_Init	8	static
main.c:912:6:LCD_IO_WriteData	16	static
main.c:928:6:LCD_IO_WriteReg	16	static
main.c:947:10:LCD_IO_ReadData	32	static
main.c:974:6:LCD_Delay	0	static
main.c:1007:6:HAL_TIM_PeriodElapsedCallback	0	static
main.c:1024:6:Error_Handler	0	static
