ModelListener.hpp:18:18:virtual void ModelListener::setLight(bool)	0	static
ModelListener.hpp:19:18:virtual void ModelListener::setADC(int)	0	static
Screen1Presenter.hpp:28:13:Screen1Presenter::~Screen1Presenter()	0	static
Screen1Presenter.cpp:10:6:virtual void Screen1Presenter::activate()	0	static
Screen1Presenter.hpp:28:13:virtual Screen1Presenter::~Screen1Presenter()	8	static
Screen1Presenter.hpp:28:13:virtual void* Screen1Presenter::_ZThn4_N16Screen1PresenterD1Ev()	0	static
Screen1Presenter.cpp:4:1:Screen1Presenter::Screen1Presenter(Screen1View&)	8	static
