Drawable.hpp:132:23:virtual touchgfx::Drawable* touchgfx::Drawable::getFirstChild()	0	static
Drawable.hpp:269:18:virtual void touchgfx::Drawable::setX(int16_t)	0	static
Drawable.hpp:281:18:virtual void touchgfx::Drawable::setY(int16_t)	0	static
Drawable.hpp:310:18:virtual void touchgfx::Drawable::setWidth(int16_t)	0	static
Drawable.hpp:322:18:virtual void touchgfx::Drawable::setHeight(int16_t)	0	static
Drawable.hpp:332:18:virtual void touchgfx::Drawable::childGeometryChanged()	0	static
Drawable.hpp:343:18:virtual void touchgfx::Drawable::handleClickEvent(const touchgfx::ClickEvent&)	0	static
Drawable.hpp:354:18:virtual void touchgfx::Drawable::handleGestureEvent(const touchgfx::GestureEvent&)	0	static
Drawable.hpp:442:18:virtual void touchgfx::Drawable::handleDragEvent(const touchgfx::DragEvent&)	0	static
Drawable.hpp:452:18:virtual void touchgfx::Drawable::handleTickEvent()	0	static
Drawable.hpp:539:18:virtual void touchgfx::Drawable::moveTo(int16_t, int16_t)	4	static
Drawable.hpp:654:18:virtual void touchgfx::Drawable::setupDrawChain(const touchgfx::Rect&, touchgfx::Drawable**)	0	static
Container.hpp:152:23:virtual touchgfx::Drawable* touchgfx::Container::getFirstChild()	0	static
Screen.hpp:92:18:virtual void touchgfx::Screen::setupScreen()	0	static
Screen.hpp:103:18:virtual void touchgfx::Screen::afterTransition()	0	static
Screen.hpp:114:18:virtual void touchgfx::Screen::tearDownScreen()	0	static
Screen.hpp:143:18:virtual void touchgfx::Screen::handleTickEvent()	0	static
Screen.hpp:153:18:virtual void touchgfx::Screen::handleKeyEvent(uint8_t)	0	static
Widget.hpp:47:18:virtual void touchgfx::Widget::getLastChild(int16_t, int16_t, touchgfx::Drawable**)	0	static
AbstractButtonContainer.hpp:114:18:virtual void touchgfx::AbstractButtonContainer::handlePressedUpdated()	0	static
AbstractButtonContainer.hpp:119:18:virtual void touchgfx::AbstractButtonContainer::handleAlphaUpdated()	0	static
AbstractButtonContainer.hpp:34:7:touchgfx::AbstractButtonContainer::~AbstractButtonContainer()	0	static
TypedText.hpp:65:13:touchgfx::TypedText::~TypedText()	0	static
View.hpp:36:7:touchgfx::View<Screen4Presenter>::~View()	0	static
Screen4ViewBase.hpp:21:13:Screen4ViewBase::~Screen4ViewBase()	0	static
Screen4ViewBase.hpp:27:18:virtual void Screen4ViewBase::clicked_one()	0	static
Screen4ViewBase.hpp:32:18:virtual void Screen4ViewBase::clicked_two()	0	static
Screen4ViewBase.hpp:37:18:virtual void Screen4ViewBase::clicked_three()	0	static
Screen4ViewBase.hpp:42:18:virtual void Screen4ViewBase::clicked_four()	0	static
Screen4ViewBase.hpp:47:18:virtual void Screen4ViewBase::clicked_five()	0	static
Screen4ViewBase.hpp:52:18:virtual void Screen4ViewBase::clicked_six()	0	static
Screen4ViewBase.hpp:57:18:virtual void Screen4ViewBase::clicked_seven()	0	static
Screen4ViewBase.hpp:62:18:virtual void Screen4ViewBase::clicked_eight()	0	static
Screen4ViewBase.hpp:67:18:virtual void Screen4ViewBase::clicked_nine()	0	static
Screen4ViewBase.hpp:72:18:virtual void Screen4ViewBase::clicked_zero()	0	static
Screen4ViewBase.hpp:77:18:virtual void Screen4ViewBase::clicked_add()	0	static
Screen4ViewBase.hpp:82:18:virtual void Screen4ViewBase::clicked_mul()	0	static
Screen4ViewBase.hpp:87:18:virtual void Screen4ViewBase::clicked_eq()	0	static
Screen4ViewBase.hpp:92:18:virtual void Screen4ViewBase::clicked_div()	0	static
Screen4ViewBase.hpp:97:18:virtual void Screen4ViewBase::clicked_sub()	0	static
Screen4ViewBase.hpp:102:18:virtual void Screen4ViewBase::clicked_clear()	0	static
Screen4ViewBase.cpp:285:6:virtual void Screen4ViewBase::setupScreen()	0	static
ClickButtonTrigger.hpp:35:7:touchgfx::ClickButtonTrigger::~ClickButtonTrigger()	0	static
BoxWithBorderButtonStyle.hpp:123:18:void touchgfx::BoxWithBorderButtonStyle<T>::handlePressedUpdated() [with T = touchgfx::ClickButtonTrigger]	0	static
Callback.hpp:357:8:touchgfx::Callback<Screen4ViewBase, const touchgfx::AbstractButtonContainer&>::~Callback()	0	static
BoxWithBorderButtonStyle.hpp:41:7:touchgfx::BoxWithBorderButtonStyle<touchgfx::ClickButtonTrigger>::~BoxWithBorderButtonStyle()	0	static
Callback.hpp:386:18:void touchgfx::Callback<dest_type, T1, void, void>::execute(T1) [with dest_type = Screen4ViewBase; T1 = const touchgfx::AbstractButtonContainer&]	8	static
Callback.hpp:396:18:bool touchgfx::Callback<dest_type, T1, void, void>::isValid() const [with dest_type = Screen4ViewBase; T1 = const touchgfx::AbstractButtonContainer&]	0	static
BoxWithBorderButtonStyle.hpp:131:18:void touchgfx::BoxWithBorderButtonStyle<T>::handleAlphaUpdated() [with T = touchgfx::ClickButtonTrigger]	0	static
TypedText.hpp:65:13:virtual touchgfx::TypedText::~TypedText()	8	static
View.hpp:36:7:virtual touchgfx::View<Screen4Presenter>::~View()	8	static
AbstractButtonContainer.hpp:34:7:virtual touchgfx::AbstractButtonContainer::~AbstractButtonContainer()	8	static
ClickButtonTrigger.hpp:35:7:virtual touchgfx::ClickButtonTrigger::~ClickButtonTrigger()	8	static
BoxWithBorderButtonStyle.hpp:41:7:virtual touchgfx::BoxWithBorderButtonStyle<touchgfx::ClickButtonTrigger>::~BoxWithBorderButtonStyle()	8	static
Callback.hpp:357:8:virtual touchgfx::Callback<Screen4ViewBase, const touchgfx::AbstractButtonContainer&>::~Callback()	8	static
Screen4ViewBase.hpp:21:13:virtual Screen4ViewBase::~Screen4ViewBase()	8	static
AbstractButtonContainer.hpp:99:18:virtual void touchgfx::AbstractButtonContainer::executeAction()	8	static
ClickButtonTrigger.hpp:47:18:virtual void touchgfx::ClickButtonTrigger::handleClickEvent(const touchgfx::ClickEvent&)	16	static
Screen4ViewBase.cpp:290:6:void Screen4ViewBase::flexButtonCallbackHandler(const touchgfx::AbstractButtonContainer&)	8	static
Drawable.hpp:48:5:touchgfx::Drawable::Drawable()	0	static
Drawable.hpp:297:10:void touchgfx::Drawable::setXY(int16_t, int16_t)	16	static
Drawable.hpp:216:10:void touchgfx::Drawable::setPosition(int16_t, int16_t, int16_t, int16_t)	16	static
Box.hpp:33:5:touchgfx::Box::Box()	8	static
TextArea.hpp:42:5:touchgfx::TextArea::TextArea()	8	static
BoxWithBorderButtonStyle.hpp:44:5:touchgfx::BoxWithBorderButtonStyle<T>::BoxWithBorderButtonStyle() [with T = touchgfx::ClickButtonTrigger]	16	static
BoxWithBorderButtonStyle.hpp:94:10:void touchgfx::BoxWithBorderButtonStyle<T>::setBoxWithBorderColors(touchgfx::colortype, touchgfx::colortype, touchgfx::colortype, touchgfx::colortype) [with T = touchgfx::ClickButtonTrigger]	4	static
Screen4ViewBase.cpp:9:1:Screen4ViewBase::Screen4ViewBase()	224	static
